../Core/Src/bq79616_V2.c:60:6:DELAY_init	4	static
../Core/Src/bq79616_V2.c:72:44:DELAY_microseconds	32	static
../Core/Src/bq79616_V2.c:106:6:Wake79616	32	static
../Core/Src/bq79616_V2.c:139:6:Wake79600	32	static
../Core/Src/bq79616_V2.c:185:6:SD79616	32	static
../Core/Src/bq79616_V2.c:205:6:StA79616	48	static
../Core/Src/bq79616_V2.c:224:6:HWRST79616	32	static
../Core/Src/bq79616_V2.c:245:6:AutoAddress	24	static
../Core/Src/bq79616_V2.c:306:6:Bridge_AutoAddress	24	static
../Core/Src/bq79616_V2.c:354:6:AutoAddress_Ring	24	static
../Core/Src/bq79616_V2.c:416:5:writeReg	32	static
../Core/Src/bq79616_V2.c:492:5:writeFrame	32	static
../Core/Src/bq79616_V2.c:535:6:HAL_UART_RxCpltCallback	24	static
../Core/Src/bq79616_V2.c:548:6:HAL_TIM_PeriodElapsedCallback	16	static
../Core/Src/bq79616_V2.c:564:5:readReg	24	static
../Core/Src/bq79616_V2.c:615:5:readFrameReq	32	static
../Core/Src/bq79616_V2.c:660:10:CRC16	24	static
../Core/Src/bq79616_V2.c:672:6:RunCB	16	static
../Core/Src/bq79616_V2.c:685:6:update_balancing_threshold	40	static
../Core/Src/bq79616_V2.c:691:6:check_cell_balancing	96	static
../Core/Src/bq79616_V2.c:715:6:ResetAllFaults	32	static
../Core/Src/bq79616_V2.c:741:6:MaskAllFaults	24	static
../Core/Src/bq79616_V2.c:758:6:nfault_enable	24	static
../Core/Src/bq79616_V2.c:764:6:set_VCB_DONE	16	static
../Core/Src/bq79616_V2.c:768:9:configure_OVUV	48	static
../Core/Src/bq79616_V2.c:794:9:configure_OTUT	56	static
../Core/Src/bq79616_V2.c:835:9:readCellVoltages	104	static
../Core/Src/bq79616_V2.c:885:9:readBoardVoltages	48	static
../Core/Src/bq79616_V2.c:911:6:HAL_GPIO_EXTI_Callback	32	static
