../Core/Src/bq79616_V2.c:60:6:DELAY_init	4	static
../Core/Src/bq79616_V2.c:72:44:DELAY_microseconds	32	static
../Core/Src/bq79616_V2.c:106:6:Wake79616	32	static
../Core/Src/bq79616_V2.c:139:6:Wake79600	32	static
../Core/Src/bq79616_V2.c:185:6:SD79616	32	static
../Core/Src/bq79616_V2.c:205:6:StA79616	48	static
../Core/Src/bq79616_V2.c:224:6:HWRST79616	32	static
../Core/Src/bq79616_V2.c:245:6:AutoAddress	24	static
../Core/Src/bq79616_V2.c:306:6:Bridge_AutoAddress	24	static
../Core/Src/bq79616_V2.c:354:6:AutoAddress_Ring	24	static
../Core/Src/bq79616_V2.c:416:5:writeReg	32	static
../Core/Src/bq79616_V2.c:492:5:writeFrame	32	static
../Core/Src/bq79616_V2.c:535:6:HAL_UART_RxCpltCallback	24	static
../Core/Src/bq79616_V2.c:552:5:readReg	24	static
../Core/Src/bq79616_V2.c:603:5:readFrameReq	32	static
../Core/Src/bq79616_V2.c:648:10:CRC16	24	static
../Core/Src/bq79616_V2.c:660:6:RunCB	16	static
../Core/Src/bq79616_V2.c:673:6:update_balancing_threshold	40	static
../Core/Src/bq79616_V2.c:679:6:check_cell_balancing	96	static
../Core/Src/bq79616_V2.c:703:6:ResetAllFaults	32	static
../Core/Src/bq79616_V2.c:729:6:MaskAllFaults	24	static
../Core/Src/bq79616_V2.c:746:6:nfault_enable	24	static
../Core/Src/bq79616_V2.c:752:6:set_VCB_DONE	16	static
../Core/Src/bq79616_V2.c:756:9:configure_OVUV	48	static
../Core/Src/bq79616_V2.c:782:9:configure_OTUT	56	static
../Core/Src/bq79616_V2.c:823:9:readCellVoltages	104	static
../Core/Src/bq79616_V2.c:873:9:readBoardVoltages	48	static
../Core/Src/bq79616_V2.c:899:6:HAL_GPIO_EXTI_Callback	32	static
