13:37:12 **** Incremental Build of configuration Debug for project qb79616 ****
make -j4 all 
arm-none-eabi-gcc "../Core/Src/b179616_V3.c" -mcpu=cortex-m3 -std=gnu11 -g3 -DDEBUG -DUSE_HAL_DRIVER -DSTM32F103xB -c -I../Core/Inc -I../Drivers/STM32F1xx_HAL_Driver/Inc/Legacy -I../Drivers/STM32F1xx_HAL_Driver/Inc -I../Drivers/CMSIS/Device/ST/STM32F1xx/Include -I../Drivers/CMSIS/Include -O0 -ffunction-sections -fdata-sections -Wall -fstack-usage -fcyclomatic-complexity -MMD -MP -MF"Core/Src/b179616_V3.d" -MT"Core/Src/b179616_V3.o" --specs=nano.specs -mfloat-abi=soft -mthumb -o "Core/Src/b179616_V3.o"
arm-none-eabi-gcc "../Core/Src/main.c" -mcpu=cortex-m3 -std=gnu11 -g3 -DDEBUG -DUSE_HAL_DRIVER -DSTM32F103xB -c -I../Core/Inc -I../Drivers/STM32F1xx_HAL_Driver/Inc/Legacy -I../Drivers/STM32F1xx_HAL_Driver/Inc -I../Drivers/CMSIS/Device/ST/STM32F1xx/Include -I../Drivers/CMSIS/Include -O0 -ffunction-sections -fdata-sections -Wall -fstack-usage -fcyclomatic-complexity -MMD -MP -MF"Core/Src/main.d" -MT"Core/Src/main.o" --specs=nano.specs -mfloat-abi=soft -mthumb -o "Core/Src/main.o"
../Core/Src/b179616_V3.c: In function 'Wake79600':
../Core/Src/b179616_V3.c:159:17: warning: unused variable 'received_data' [-Wunused-variable]
  159 |         uint8_t received_data = 0;
      |                 ^~~~~~~~~~~~~
../Core/Src/b179616_V3.c: In function 'check_cell_balancing':
../Core/Src/b179616_V3.c:687:13: warning: unused variable 'balance_mask' [-Wunused-variable]
  687 |     uint8_t balance_mask = 0x00;  // Bitmask for which cells to balance
      |             ^~~~~~~~~~~~
../Core/Src/b179616_V3.c:686:28: warning: unused variable 'min_voltage' [-Wunused-variable]
  686 |     float max_voltage = 0, min_voltage = 100;
      |                            ^~~~~~~~~~~
../Core/Src/b179616_V3.c:686:11: warning: unused variable 'max_voltage' [-Wunused-variable]
  686 |     float max_voltage = 0, min_voltage = 100;
      |           ^~~~~~~~~~~
../Core/Src/b179616_V3.c:685:15: warning: unused variable 'voltages' [-Wunused-variable]
  685 |         float voltages[16];
      |               ^~~~~~~~
../Core/Src/b179616_V3.c: In function 'nfault_enable':
../Core/Src/b179616_V3.c:753:17: warning: unused variable 'rstVal' [-Wunused-variable]
  753 |         uint8_t rstVal = 0x54;
      |                 ^~~~~~
../Core/Src/b179616_V3.c: In function 'configure_OTUT':
../Core/Src/b179616_V3.c:793:17: warning: unused variable 'gpioConf' [-Wunused-variable]
  793 |         uint8_t gpioConf= 0x09; //for simplicity enable all gpio thermistors
      |                 ^~~~~~~~
../Core/Src/b179616_V3.c: In function 'readCellVoltages':
../Core/Src/b179616_V3.c:843:18: warning: unused variable 'loRegAddr' [-Wunused-variable]
  843 |         uint16_t loRegAddr = hiRegAddr + 1;
      |                  ^~~~~~~~~
../Core/Src/b179616_V3.c:839:13: warning: unused variable 'full_cell_voltage' [-Wunused-variable]
  839 |     uint8_t full_cell_voltage[2];
      |             ^~~~~~~~~~~~~~~~~
../Core/Src/b179616_V3.c:832:21: warning: variable 'cellVoltages' set but not used [-Wunused-but-set-variable]
  832 |                 int cellVoltages[16] = {0}; // Index 0 = Cell16, index 15 = Cell1
      |                     ^~~~~~~~~~~~
../Core/Src/b179616_V3.c: In function 'readBoardVoltages':
../Core/Src/b179616_V3.c:889:18: warning: unused variable 'loRegAddr' [-Wunused-variable]
  889 |         uint16_t loRegAddr = hiRegAddr + 1;
      |                  ^~~~~~~~~
arm-none-eabi-gcc -o "qb79616.elf" @"objects.list"   -mcpu=cortex-m3 -T"F:\MOHAMMED ESSAM\Low Voltage S2\BMS\qb79616_projects\qb79616\STM32F103C8TX_FLASH.ld" --specs=nosys.specs -Wl,-Map="qb79616.map" -Wl,--gc-sections -static --specs=nano.specs -mfloat-abi=soft -mthumb -Wl,--start-group -lc -lm -Wl,--end-group
Finished building target: qb79616.elf
 
arm-none-eabi-size  qb79616.elf 
arm-none-eabi-objdump -h -S qb79616.elf  > "qb79616.list"
   text	   data	    bss	    dec	    hex	filename
  15276	     12	   2196	  17484	   444c	qb79616.elf
Finished building: default.size.stdout
 
Finished building: qb79616.list
 

13:37:14 Build Finished. 0 errors, 11 warnings. (took 1s.301ms)

